// Jest Snapshot v1, https://goo.gl/fbAQLP

exports[`Nav renders as expected 1`] = `<Fragment />`;
