// Jest Snapshot v1, https://goo.gl/fbAQLP

exports[`StatItem renders as expected 1`] = `
<tr>
  <td />
  <td
    className="midcol"
  />
  <td
    className="midcol"
  />
  <td
    className="midcol"
  />
</tr>
`;
