// Jest Snapshot v1, https://goo.gl/fbAQLP

exports[`TileScreen renders as expected 1`] = `<Fragment />`;
